// Jest Snapshot v1, https://goo.gl/fbAQLP

exports[`Generates GraphQL schema 1`] = `
"directive @requireAuth(roles: [String]) on FIELD_DEFINITION

directive @skipAuth on FIELD_DEFINITION

scalar BigInt

scalar Date

scalar DateTime

scalar JSON

scalar JSONObject

type Mutation {
  createTodo(body: String!): Todo
  renameTodo(body: String!, id: Int!): Todo
  updateTodoStatus(id: Int!, status: String!): Todo
}

"""About the Redwood queries."""
type Query {
  currentUser: JSON

  """Fetches the Redwood root schema."""
  redwood: Redwood
  todos: [Todo]
  todosCount: Int!
}

"""
The RedwoodJS Root Schema

Defines details about RedwoodJS such as the current user and version information.
"""
type Redwood {
  """The current user."""
  currentUser: JSON

  """The version of Prisma."""
  prismaVersion: String

  """The version of Redwood."""
  version: String
}

scalar Time

type Todo {
  body: String!
  id: Int!
  status: String!
}"
`;
